node.exe : npm verbose cli C:\Program 
Files\nodejs\node.exe C:\Program 
Files\nodejs\node_modules\npm\bin\npm-cli.js
At C:\Program Files\nodejs\npm.ps1:29 char:3
+   & $NODE_EXE $NPM_CLI_JS $args
+   ~~~~~~~~~~~~~~~~~~~~~~~~~~~~~
    + CategoryInfo          : NotSpecified:  
   (npm verbose cli...\bin\npm-cli.js:Strin  
  g) [], RemoteException
    + FullyQualifiedErrorId : NativeCommandE 
   rror
 
npm info using npm@10.9.2
npm info using node@v22.13.1
npm verbose title npm test AddJob.test.js
npm verbose argv "test" "AddJob.test.js" 
"--loglevel" "verbose"
npm verbose logfile logs-max:10 dir:C:\Users\
Baqir\AppData\Local\npm-cache\_logs\2025-03-1
1T13_59_34_928Z-
npm verbose logfile C:\Users\Baqir\AppData\Lo
cal\npm-cache\_logs\2025-03-11T13_59_34_928Z-
debug-0.log

> dr-billerz@0.1.0 test
> react-scripts test AddJob.test.js

  console.error
    Error adding Job TypeError: Cannot read properties of null (reading 'userId')
        at handleSubmit (C:\Users\Baqir\Downloads\freelance-hiring-platform-master\freelance-hiring-platform-master\frontend\src\admin\pages\job\component\AddJob.jsx:67:59)
        at HTMLUnknownElement.callCallback (C:\Users\Baqir\Downloads\freelance-hiring-platform-master\freelance-hiring-platform-master\frontend\node_modules\react-dom\cjs\react-dom.development.js:4164:14)
        at HTMLUnknownElement.callTheUserObjectsOperation (C:\Users\Baqir\Downloads\freelance-hiring-platform-master\freelance-hiring-platform-master\frontend\node_modules\jsdom\lib\jsdom\living\generated\EventListener.js:26:30)
        at innerInvokeEventListeners (C:\Users\Baqir\Downloads\freelance-hiring-platform-master\freelance-hiring-platform-master\frontend\node_modules\jsdom\lib\jsdom\living\events\EventTarget-impl.js:338:25)
        at invokeEventListeners (C:\Users\Baqir\Downloads\freelance-hiring-platform-master\freelance-hiring-platform-master\frontend\node_modules\jsdom\lib\jsdom\living\events\EventTarget-impl.js:274:3)
        at HTMLUnknownElementImpl._dispatch (C:\Users\Baqir\Downloads\freelance-hiring-platform-master\freelance-hiring-platform-master\frontend\node_modules\jsdom\lib\jsdom\living\events\EventTarget-impl.js:221:9)
        at HTMLUnknownElementImpl.dispatchEvent (C:\Users\Baqir\Downloads\freelance-hiring-platform-master\freelance-hiring-platform-master\frontend\node_modules\jsdom\lib\jsdom\living\events\EventTarget-impl.js:94:17)
        at HTMLUnknownElement.dispatchEvent (C:\Users\Baqir\Downloads\freelance-hiring-platform-master\freelance-hiring-platform-master\frontend\node_modules\jsdom\lib\jsdom\living\generated\EventTarget.js:231:34)
        at Object.invokeGuardedCallbackDev (C:\Users\Baqir\Downloads\freelance-hiring-platform-master\freelance-hiring-platform-master\frontend\node_modules\react-dom\cjs\react-dom.development.js:4213:16)
        at invokeGuardedCallback (C:\Users\Baqir\Downloads\freelance-hiring-platform-master\freelance-hiring-platform-master\frontend\node_modules\react-dom\cjs\react-dom.development.js:4277:31)
        at invokeGuardedCallbackAndCatchFirstError (C:\Users\Baqir\Downloads\freelance-hiring-platform-master\freelance-hiring-platform-master\frontend\node_modules\react-dom\cjs\react-dom.development.js:4291:25)
        at executeDispatch (C:\Users\Baqir\Downloads\freelance-hiring-platform-master\freelance-hiring-platform-master\frontend\node_modules\react-dom\cjs\react-dom.development.js:9041:3)
        at processDispatchQueueItemsInOrder (C:\Users\Baqir\Downloads\freelance-hiring-platform-master\freelance-hiring-platform-master\frontend\node_modules\react-dom\cjs\react-dom.development.js:9073:7)
        at processDispatchQueue (C:\Users\Baqir\Downloads\freelance-hiring-platform-master\freelance-hiring-platform-master\frontend\node_modules\react-dom\cjs\react-dom.development.js:9086:5)
        at dispatchEventsForPlugins (C:\Users\Baqir\Downloads\freelance-hiring-platform-master\freelance-hiring-platform-master\frontend\node_modules\react-dom\cjs\react-dom.development.js:9097:3)
        at C:\Users\Baqir\Downloads\freelance-hiring-platform-master\freelance-hiring-platform-master\frontend\node_modules\react-dom\cjs\react-dom.development.js:9288:12
        at batchedUpdates$1 (C:\Users\Baqir\Downloads\freelance-hiring-platform-master\freelance-hiring-platform-master\frontend\node_modules\react-dom\cjs\react-dom.development.js:26140:12)
        at batchedUpdates (C:\Users\Baqir\Downloads\freelance-hiring-platform-master\freelance-hiring-platform-master\frontend\node_modules\react-dom\cjs\react-dom.development.js:3991:12)
        at dispatchEventForPluginEventSystem (C:\Users\Baqir\Downloads\freelance-hiring-platform-master\freelance-hiring-platform-master\frontend\node_modules\react-dom\cjs\react-dom.development.js:9287:3)
        at dispatchEventWithEnableCapturePhaseSelectiveHydrationWithoutDiscreteEventReplay (C:\Users\Baqir\Downloads\freelance-hiring-platform-master\freelance-hiring-platform-master\frontend\node_modules\react-dom\cjs\react-dom.development.js:6465:5)
        at dispatchEvent (C:\Users\Baqir\Downloads\freelance-hiring-platform-master\freelance-hiring-platform-master\frontend\node_modules\react-dom\cjs\react-dom.development.js:6457:5)
        at dispatchDiscreteEvent (C:\Users\Baqir\Downloads\freelance-hiring-platform-master\freelance-hiring-platform-master\frontend\node_modules\react-dom\cjs\react-dom.development.js:6430:5)
        at HTMLDivElement.callTheUserObjectsOperation (C:\Users\Baqir\Downloads\freelance-hiring-platform-master\freelance-hiring-platform-master\frontend\node_modules\jsdom\lib\jsdom\living\generated\EventListener.js:26:30)
        at innerInvokeEventListeners (C:\Users\Baqir\Downloads\freelance-hiring-platform-master\freelance-hiring-platform-master\frontend\node_modules\jsdom\lib\jsdom\living\events\EventTarget-impl.js:338:25)
        at invokeEventListeners (C:\Users\Baqir\Downloads\freelance-hiring-platform-master\freelance-hiring-platform-master\frontend\node_modules\jsdom\lib\jsdom\living\events\EventTarget-impl.js:274:3)
        at HTMLButtonElementImpl._dispatch (C:\Users\Baqir\Downloads\freelance-hiring-platform-master\freelance-hiring-platform-master\frontend\node_modules\jsdom\lib\jsdom\living\events\EventTarget-impl.js:221:9)
        at HTMLButtonElementImpl.dispatchEvent (C:\Users\Baqir\Downloads\freelance-hiring-platform-master\freelance-hiring-platform-master\frontend\node_modules\jsdom\lib\jsdom\living\events\EventTarget-impl.js:94:17)
        at HTMLButtonElement.dispatchEvent (C:\Users\Baqir\Downloads\freelance-hiring-platform-master\freelance-hiring-platform-master\frontend\node_modules\jsdom\lib\jsdom\living\generated\EventTarget.js:231:34)
        at C:\Users\Baqir\Downloads\freelance-hiring-platform-master\freelance-hiring-platform-master\frontend\node_modules\@testing-library\dom\dist\events.js:19:20
        at C:\Users\Baqir\Downloads\freelance-hiring-platform-master\freelance-hiring-platform-master\frontend\node_modules\@testing-library\react\dist\pure.js:108:16
        at C:\Users\Baqir\Downloads\freelance-hiring-platform-master\freelance-hiring-platform-master\frontend\node_modules\@testing-library\react\dist\act-compat.js:48:24
        at act (C:\Users\Baqir\Downloads\freelance-hiring-platform-master\freelance-hiring-platform-master\frontend\node_modules\react\cjs\react.development.js:2512:16)
        at C:\Users\Baqir\Downloads\freelance-hiring-platform-master\freelance-hiring-platform-master\frontend\node_modules\@testing-library\react\dist\act-compat.js:47:25
        at Object.eventWrapper (C:\Users\Baqir\Downloads\freelance-hiring-platform-master\freelance-hiring-platform-master\frontend\node_modules\@testing-library\react\dist\pure.js:107:28)
        at fireEvent (C:\Users\Baqir\Downloads\freelance-hiring-platform-master\freelance-hiring-platform-master\frontend\node_modules\@testing-library\dom\dist\events.js:12:35)
        at Function.fireEvent.<computed> [as click] (C:\Users\Baqir\Downloads\freelance-hiring-platform-master\freelance-hiring-platform-master\frontend\node_modules\@testing-library\dom\dist\events.js:110:36)
        at Function.click (C:\Users\Baqir\Downloads\freelance-hiring-platform-master\freelance-hiring-platform-master\frontend\node_modules\@testing-library\react\dist\fire-event.js:15:52)
        at Object.<anonymous> (C:\Users\Baqir\Downloads\freelance-hiring-platform-master\freelance-hiring-platform-master\frontend\src\tests\AddJob.test.js:37:15)
        at Promise.then.completed (C:\Users\Baqir\Downloads\freelance-hiring-platform-master\freelance-hiring-platform-master\frontend\node_modules\jest-circus\build\utils.js:391:28)
        at new Promise (<anonymous>)
        at callAsyncCircusFn (C:\Users\Baqir\Downloads\freelance-hiring-platform-master\freelance-hiring-platform-master\frontend\node_modules\jest-circus\build\utils.js:316:10)
        at _callCircusTest (C:\Users\Baqir\Downloads\freelance-hiring-platform-master\freelance-hiring-platform-master\frontend\node_modules\jest-circus\build\run.js:218:40)
        at processTicksAndRejections (node:internal/process/task_queues:105:5)
        at _runTest (C:\Users\Baqir\Downloads\freelance-hiring-platform-master\freelance-hiring-platform-master\frontend\node_modules\jest-circus\build\run.js:155:3)
        at _runTestsForDescribeBlock (C:\Users\Baqir\Downloads\freelance-hiring-platform-master\freelance-hiring-platform-master\frontend\node_modules\jest-circus\build\run.js:66:9)
        at _runTestsForDescribeBlock (C:\Users\Baqir\Downloads\freelance-hiring-platform-master\freelance-hiring-platform-master\frontend\node_modules\jest-circus\build\run.js:60:9)
        at run (C:\Users\Baqir\Downloads\freelance-hiring-platform-master\freelance-hiring-platform-master\frontend\node_modules\jest-circus\build\run.js:25:3)
        at runAndTransformResultsToJestFormat (C:\Users\Baqir\Downloads\freelance-hiring-platform-master\freelance-hiring-platform-master\frontend\node_modules\jest-circus\build\legacy-code-todo-rewrite\jestAdapterInit.js:170:21)
        at jestAdapter (C:\Users\Baqir\Downloads\freelance-hiring-platform-master\freelance-hiring-platform-master\frontend\node_modules\jest-circus\build\legacy-code-todo-rewrite\jestAdapter.js:82:19)
        at runTestInternal (C:\Users\Baqir\Downloads\freelance-hiring-platform-master\freelance-hiring-platform-master\frontend\node_modules\jest-runner\build\runTest.js:389:16)
        at runTest (C:\Users\Baqir\Downloads\freelance-hiring-platform-master\freelance-hiring-platform-master\frontend\node_modules\jest-runner\build\runTest.js:475:34)
        at Object.worker (C:\Users\Baqir\Downloads\freelance-hiring-platform-master\freelance-hiring-platform-master\frontend\node_modules\jest-runner\build\testWorker.js:133:12)

    [0m [90m 83 |[39m       setBtnLoading([36mfalse[39m)[33m;[39m
     [90m 84 |[39m     } [36mcatch[39m (error) {
    [31m[1m>[22m[39m[90m 85 |[39m       console[33m.[39merror([32m"Error adding Job"[39m[33m,[39m error)[33m;[39m
     [90m    |[39m               [31m[1m^[22m[39m
     [90m 86 |[39m       toast({
     [90m 87 |[39m         title[33m:[39m [32m"Error adding Job"[39m[33m,[39m
     [90m 88 |[39m         description[33m:[39m [32m"There is an error adding the Job, please try again later."[39m[33m,[39m[0m

      at handleSubmit (src/admin/pages/job/component/AddJob.jsx:85:15)
      at HTMLUnknownElement.callCallback (node_modules/react-dom/cjs/react-dom.development.js:4164:14)
      at HTMLUnknownElement.callTheUserObjectsOperation (node_modules/jsdom/lib/jsdom/living/generated/EventListener.js:26:30)
      at innerInvokeEventListeners (node_modules/jsdom/lib/jsdom/living/events/EventTarget-impl.js:338:25)
      at invokeEventListeners (node_modules/jsdom/lib/jsdom/living/events/EventTarget-impl.js:274:3)
      at HTMLUnknownElementImpl._dispatch (node_modules/jsdom/lib/jsdom/living/events/EventTarget-impl.js:221:9)
      at HTMLUnknownElementImpl.dispatchEvent (node_modules/jsdom/lib/jsdom/living/events/EventTarget-impl.js:94:17)
      at HTMLUnknownElement.dispatchEvent (node_modules/jsdom/lib/jsdom/living/generated/EventTarget.js:231:34)
      at Object.invokeGuardedCallbackDev (node_modules/react-dom/cjs/react-dom.development.js:4213:16)
      at invokeGuardedCallback (node_modules/react-dom/cjs/react-dom.development.js:4277:31)
      at invokeGuardedCallbackAndCatchFirstError (node_modules/react-dom/cjs/react-dom.development.js:4291:25)
      at executeDispatch (node_modules/react-dom/cjs/react-dom.development.js:9041:3)
      at processDispatchQueueItemsInOrder (node_modules/react-dom/cjs/react-dom.development.js:9073:7)
      at processDispatchQueue (node_modules/react-dom/cjs/react-dom.development.js:9086:5)
      at dispatchEventsForPlugins (node_modules/react-dom/cjs/react-dom.development.js:9097:3)
      at node_modules/react-dom/cjs/react-dom.development.js:9288:12
      at batchedUpdates$1 (node_modules/react-dom/cjs/react-dom.development.js:26140:12)
      at batchedUpdates (node_modules/react-dom/cjs/react-dom.development.js:3991:12)
      at dispatchEventForPluginEventSystem (node_modules/react-dom/cjs/react-dom.development.js:9287:3)
      at dispatchEventWithEnableCapturePhaseSelectiveHydrationWithoutDiscreteEventReplay (node_modules/react-dom/cjs/react-dom.development.js:6465:5)
      at dispatchEvent (node_modules/react-dom/cjs/react-dom.development.js:6457:5)
      at dispatchDiscreteEvent (node_modules/react-dom/cjs/react-dom.development.js:6430:5)
      at HTMLDivElement.callTheUserObjectsOperation (node_modules/jsdom/lib/jsdom/living/generated/EventListener.js:26:30)
      at innerInvokeEventListeners (node_modules/jsdom/lib/jsdom/living/events/EventTarget-impl.js:338:25)
      at invokeEventListeners (node_modules/jsdom/lib/jsdom/living/events/EventTarget-impl.js:274:3)
      at HTMLButtonElementImpl._dispatch (node_modules/jsdom/lib/jsdom/living/events/EventTarget-impl.js:221:9)
      at HTMLButtonElementImpl.dispatchEvent (node_modules/jsdom/lib/jsdom/living/events/EventTarget-impl.js:94:17)
      at HTMLButtonElement.dispatchEvent (node_modules/jsdom/lib/jsdom/living/generated/EventTarget.js:231:34)
      at node_modules/@testing-library/dom/dist/events.js:19:20
      at node_modules/@testing-library/react/dist/pure.js:108:16
      at node_modules/@testing-library/react/dist/act-compat.js:48:24
      at act (node_modules/react/cjs/react.development.js:2512:16)
      at node_modules/@testing-library/react/dist/act-compat.js:47:25
      at Object.eventWrapper (node_modules/@testing-library/react/dist/pure.js:107:28)
      at fireEvent (node_modules/@testing-library/dom/dist/events.js:12:35)
      at Function.fireEvent.<computed> [as click] (node_modules/@testing-library/dom/dist/events.js:110:36)
      at Function.click (node_modules/@testing-library/react/dist/fire-event.js:15:52)
      at Object.<anonymous> (src/tests/AddJob.test.js:37:15)

(node:10408) [DEP0040] DeprecationWarning: 
The `punycode` module is deprecated. Please 
use a userland alternative instead.
(Use `node --trace-deprecation ...` to show 
where the warning was created)
  console.error
    Error adding Job TypeError: Cannot read properties of null (reading 'userId')
        at handleSubmit (C:\Users\Baqir\Downloads\freelance-hiring-platform-master\freelance-hiring-platform-master\frontend\src\admin\pages\job\component\AddJob.jsx:67:59)
        at HTMLUnknownElement.callCallback (C:\Users\Baqir\Downloads\freelance-hiring-platform-master\freelance-hiring-platform-master\frontend\node_modules\react-dom\cjs\react-dom.development.js:4164:14)
        at HTMLUnknownElement.callTheUserObjectsOperation (C:\Users\Baqir\Downloads\freelance-hiring-platform-master\freelance-hiring-platform-master\frontend\node_modules\jsdom\lib\jsdom\living\generated\EventListener.js:26:30)
        at innerInvokeEventListeners (C:\Users\Baqir\Downloads\freelance-hiring-platform-master\freelance-hiring-platform-master\frontend\node_modules\jsdom\lib\jsdom\living\events\EventTarget-impl.js:338:25)
        at invokeEventListeners (C:\Users\Baqir\Downloads\freelance-hiring-platform-master\freelance-hiring-platform-master\frontend\node_modules\jsdom\lib\jsdom\living\events\EventTarget-impl.js:274:3)
        at HTMLUnknownElementImpl._dispatch (C:\Users\Baqir\Downloads\freelance-hiring-platform-master\freelance-hiring-platform-master\frontend\node_modules\jsdom\lib\jsdom\living\events\EventTarget-impl.js:221:9)
        at HTMLUnknownElementImpl.dispatchEvent (C:\Users\Baqir\Downloads\freelance-hiring-platform-master\freelance-hiring-platform-master\frontend\node_modules\jsdom\lib\jsdom\living\events\EventTarget-impl.js:94:17)
        at HTMLUnknownElement.dispatchEvent (C:\Users\Baqir\Downloads\freelance-hiring-platform-master\freelance-hiring-platform-master\frontend\node_modules\jsdom\lib\jsdom\living\generated\EventTarget.js:231:34)
        at Object.invokeGuardedCallbackDev (C:\Users\Baqir\Downloads\freelance-hiring-platform-master\freelance-hiring-platform-master\frontend\node_modules\react-dom\cjs\react-dom.development.js:4213:16)
        at invokeGuardedCallback (C:\Users\Baqir\Downloads\freelance-hiring-platform-master\freelance-hiring-platform-master\frontend\node_modules\react-dom\cjs\react-dom.development.js:4277:31)
        at invokeGuardedCallbackAndCatchFirstError (C:\Users\Baqir\Downloads\freelance-hiring-platform-master\freelance-hiring-platform-master\frontend\node_modules\react-dom\cjs\react-dom.development.js:4291:25)
        at executeDispatch (C:\Users\Baqir\Downloads\freelance-hiring-platform-master\freelance-hiring-platform-master\frontend\node_modules\react-dom\cjs\react-dom.development.js:9041:3)
        at processDispatchQueueItemsInOrder (C:\Users\Baqir\Downloads\freelance-hiring-platform-master\freelance-hiring-platform-master\frontend\node_modules\react-dom\cjs\react-dom.development.js:9073:7)
        at processDispatchQueue (C:\Users\Baqir\Downloads\freelance-hiring-platform-master\freelance-hiring-platform-master\frontend\node_modules\react-dom\cjs\react-dom.development.js:9086:5)
        at dispatchEventsForPlugins (C:\Users\Baqir\Downloads\freelance-hiring-platform-master\freelance-hiring-platform-master\frontend\node_modules\react-dom\cjs\react-dom.development.js:9097:3)
        at C:\Users\Baqir\Downloads\freelance-hiring-platform-master\freelance-hiring-platform-master\frontend\node_modules\react-dom\cjs\react-dom.development.js:9288:12
        at batchedUpdates$1 (C:\Users\Baqir\Downloads\freelance-hiring-platform-master\freelance-hiring-platform-master\frontend\node_modules\react-dom\cjs\react-dom.development.js:26140:12)
        at batchedUpdates (C:\Users\Baqir\Downloads\freelance-hiring-platform-master\freelance-hiring-platform-master\frontend\node_modules\react-dom\cjs\react-dom.development.js:3991:12)
        at dispatchEventForPluginEventSystem (C:\Users\Baqir\Downloads\freelance-hiring-platform-master\freelance-hiring-platform-master\frontend\node_modules\react-dom\cjs\react-dom.development.js:9287:3)
        at dispatchEventWithEnableCapturePhaseSelectiveHydrationWithoutDiscreteEventReplay (C:\Users\Baqir\Downloads\freelance-hiring-platform-master\freelance-hiring-platform-master\frontend\node_modules\react-dom\cjs\react-dom.development.js:6465:5)
        at dispatchEvent (C:\Users\Baqir\Downloads\freelance-hiring-platform-master\freelance-hiring-platform-master\frontend\node_modules\react-dom\cjs\react-dom.development.js:6457:5)
        at dispatchDiscreteEvent (C:\Users\Baqir\Downloads\freelance-hiring-platform-master\freelance-hiring-platform-master\frontend\node_modules\react-dom\cjs\react-dom.development.js:6430:5)
        at HTMLDivElement.callTheUserObjectsOperation (C:\Users\Baqir\Downloads\freelance-hiring-platform-master\freelance-hiring-platform-master\frontend\node_modules\jsdom\lib\jsdom\living\generated\EventListener.js:26:30)
        at innerInvokeEventListeners (C:\Users\Baqir\Downloads\freelance-hiring-platform-master\freelance-hiring-platform-master\frontend\node_modules\jsdom\lib\jsdom\living\events\EventTarget-impl.js:338:25)
        at invokeEventListeners (C:\Users\Baqir\Downloads\freelance-hiring-platform-master\freelance-hiring-platform-master\frontend\node_modules\jsdom\lib\jsdom\living\events\EventTarget-impl.js:274:3)
        at HTMLButtonElementImpl._dispatch (C:\Users\Baqir\Downloads\freelance-hiring-platform-master\freelance-hiring-platform-master\frontend\node_modules\jsdom\lib\jsdom\living\events\EventTarget-impl.js:221:9)
        at HTMLButtonElementImpl.dispatchEvent (C:\Users\Baqir\Downloads\freelance-hiring-platform-master\freelance-hiring-platform-master\frontend\node_modules\jsdom\lib\jsdom\living\events\EventTarget-impl.js:94:17)
        at HTMLButtonElement.dispatchEvent (C:\Users\Baqir\Downloads\freelance-hiring-platform-master\freelance-hiring-platform-master\frontend\node_modules\jsdom\lib\jsdom\living\generated\EventTarget.js:231:34)
        at C:\Users\Baqir\Downloads\freelance-hiring-platform-master\freelance-hiring-platform-master\frontend\node_modules\@testing-library\dom\dist\events.js:19:20
        at C:\Users\Baqir\Downloads\freelance-hiring-platform-master\freelance-hiring-platform-master\frontend\node_modules\@testing-library\react\dist\pure.js:108:16
        at C:\Users\Baqir\Downloads\freelance-hiring-platform-master\freelance-hiring-platform-master\frontend\node_modules\@testing-library\react\dist\act-compat.js:48:24
        at act (C:\Users\Baqir\Downloads\freelance-hiring-platform-master\freelance-hiring-platform-master\frontend\node_modules\react\cjs\react.development.js:2512:16)
        at C:\Users\Baqir\Downloads\freelance-hiring-platform-master\freelance-hiring-platform-master\frontend\node_modules\@testing-library\react\dist\act-compat.js:47:25
        at Object.eventWrapper (C:\Users\Baqir\Downloads\freelance-hiring-platform-master\freelance-hiring-platform-master\frontend\node_modules\@testing-library\react\dist\pure.js:107:28)
        at fireEvent (C:\Users\Baqir\Downloads\freelance-hiring-platform-master\freelance-hiring-platform-master\frontend\node_modules\@testing-library\dom\dist\events.js:12:35)
        at Function.fireEvent.<computed> [as click] (C:\Users\Baqir\Downloads\freelance-hiring-platform-master\freelance-hiring-platform-master\frontend\node_modules\@testing-library\dom\dist\events.js:110:36)
        at Function.click (C:\Users\Baqir\Downloads\freelance-hiring-platform-master\freelance-hiring-platform-master\frontend\node_modules\@testing-library\react\dist\fire-event.js:15:52)
        at Object.<anonymous> (C:\Users\Baqir\Downloads\freelance-hiring-platform-master\freelance-hiring-platform-master\frontend\src\tests\AddJob.test.js:47:15)
        at Promise.then.completed (C:\Users\Baqir\Downloads\freelance-hiring-platform-master\freelance-hiring-platform-master\frontend\node_modules\jest-circus\build\utils.js:391:28)
        at new Promise (<anonymous>)
        at callAsyncCircusFn (C:\Users\Baqir\Downloads\freelance-hiring-platform-master\freelance-hiring-platform-master\frontend\node_modules\jest-circus\build\utils.js:316:10)
        at _callCircusTest (C:\Users\Baqir\Downloads\freelance-hiring-platform-master\freelance-hiring-platform-master\frontend\node_modules\jest-circus\build\run.js:218:40)
        at _runTest (C:\Users\Baqir\Downloads\freelance-hiring-platform-master\freelance-hiring-platform-master\frontend\node_modules\jest-circus\build\run.js:155:3)
        at _runTestsForDescribeBlock (C:\Users\Baqir\Downloads\freelance-hiring-platform-master\freelance-hiring-platform-master\frontend\node_modules\jest-circus\build\run.js:66:9)
        at _runTestsForDescribeBlock (C:\Users\Baqir\Downloads\freelance-hiring-platform-master\freelance-hiring-platform-master\frontend\node_modules\jest-circus\build\run.js:60:9)
        at run (C:\Users\Baqir\Downloads\freelance-hiring-platform-master\freelance-hiring-platform-master\frontend\node_modules\jest-circus\build\run.js:25:3)
        at runAndTransformResultsToJestFormat (C:\Users\Baqir\Downloads\freelance-hiring-platform-master\freelance-hiring-platform-master\frontend\node_modules\jest-circus\build\legacy-code-todo-rewrite\jestAdapterInit.js:170:21)
        at jestAdapter (C:\Users\Baqir\Downloads\freelance-hiring-platform-master\freelance-hiring-platform-master\frontend\node_modules\jest-circus\build\legacy-code-todo-rewrite\jestAdapter.js:82:19)
        at runTestInternal (C:\Users\Baqir\Downloads\freelance-hiring-platform-master\freelance-hiring-platform-master\frontend\node_modules\jest-runner\build\runTest.js:389:16)
        at runTest (C:\Users\Baqir\Downloads\freelance-hiring-platform-master\freelance-hiring-platform-master\frontend\node_modules\jest-runner\build\runTest.js:475:34)
        at Object.worker (C:\Users\Baqir\Downloads\freelance-hiring-platform-master\freelance-hiring-platform-master\frontend\node_modules\jest-runner\build\testWorker.js:133:12)

    [0m [90m 83 |[39m       setBtnLoading([36mfalse[39m)[33m;[39m
     [90m 84 |[39m     } [36mcatch[39m (error) {
    [31m[1m>[22m[39m[90m 85 |[39m       console[33m.[39merror([32m"Error adding Job"[39m[33m,[39m error)[33m;[39m
     [90m    |[39m               [31m[1m^[22m[39m
     [90m 86 |[39m       toast({
     [90m 87 |[39m         title[33m:[39m [32m"Error adding Job"[39m[33m,[39m
     [90m 88 |[39m         description[33m:[39m [32m"There is an error adding the Job, please try again later."[39m[33m,[39m[0m

      at handleSubmit (src/admin/pages/job/component/AddJob.jsx:85:15)
      at HTMLUnknownElement.callCallback (node_modules/react-dom/cjs/react-dom.development.js:4164:14)
      at HTMLUnknownElement.callTheUserObjectsOperation (node_modules/jsdom/lib/jsdom/living/generated/EventListener.js:26:30)
      at innerInvokeEventListeners (node_modules/jsdom/lib/jsdom/living/events/EventTarget-impl.js:338:25)
      at invokeEventListeners (node_modules/jsdom/lib/jsdom/living/events/EventTarget-impl.js:274:3)
      at HTMLUnknownElementImpl._dispatch (node_modules/jsdom/lib/jsdom/living/events/EventTarget-impl.js:221:9)
      at HTMLUnknownElementImpl.dispatchEvent (node_modules/jsdom/lib/jsdom/living/events/EventTarget-impl.js:94:17)
      at HTMLUnknownElement.dispatchEvent (node_modules/jsdom/lib/jsdom/living/generated/EventTarget.js:231:34)
      at Object.invokeGuardedCallbackDev (node_modules/react-dom/cjs/react-dom.development.js:4213:16)
      at invokeGuardedCallback (node_modules/react-dom/cjs/react-dom.development.js:4277:31)
      at invokeGuardedCallbackAndCatchFirstError (node_modules/react-dom/cjs/react-dom.development.js:4291:25)
      at executeDispatch (node_modules/react-dom/cjs/react-dom.development.js:9041:3)
      at processDispatchQueueItemsInOrder (node_modules/react-dom/cjs/react-dom.development.js:9073:7)
      at processDispatchQueue (node_modules/react-dom/cjs/react-dom.development.js:9086:5)
      at dispatchEventsForPlugins (node_modules/react-dom/cjs/react-dom.development.js:9097:3)
      at node_modules/react-dom/cjs/react-dom.development.js:9288:12
      at batchedUpdates$1 (node_modules/react-dom/cjs/react-dom.development.js:26140:12)
      at batchedUpdates (node_modules/react-dom/cjs/react-dom.development.js:3991:12)
      at dispatchEventForPluginEventSystem (node_modules/react-dom/cjs/react-dom.development.js:9287:3)
      at dispatchEventWithEnableCapturePhaseSelectiveHydrationWithoutDiscreteEventReplay (node_modules/react-dom/cjs/react-dom.development.js:6465:5)
      at dispatchEvent (node_modules/react-dom/cjs/react-dom.development.js:6457:5)
      at dispatchDiscreteEvent (node_modules/react-dom/cjs/react-dom.development.js:6430:5)
      at HTMLDivElement.callTheUserObjectsOperation (node_modules/jsdom/lib/jsdom/living/generated/EventListener.js:26:30)
      at innerInvokeEventListeners (node_modules/jsdom/lib/jsdom/living/events/EventTarget-impl.js:338:25)
      at invokeEventListeners (node_modules/jsdom/lib/jsdom/living/events/EventTarget-impl.js:274:3)
      at HTMLButtonElementImpl._dispatch (node_modules/jsdom/lib/jsdom/living/events/EventTarget-impl.js:221:9)
      at HTMLButtonElementImpl.dispatchEvent (node_modules/jsdom/lib/jsdom/living/events/EventTarget-impl.js:94:17)
      at HTMLButtonElement.dispatchEvent (node_modules/jsdom/lib/jsdom/living/generated/EventTarget.js:231:34)
      at node_modules/@testing-library/dom/dist/events.js:19:20
      at node_modules/@testing-library/react/dist/pure.js:108:16
      at node_modules/@testing-library/react/dist/act-compat.js:48:24
      at act (node_modules/react/cjs/react.development.js:2512:16)
      at node_modules/@testing-library/react/dist/act-compat.js:47:25
      at Object.eventWrapper (node_modules/@testing-library/react/dist/pure.js:107:28)
      at fireEvent (node_modules/@testing-library/dom/dist/events.js:12:35)
      at Function.fireEvent.<computed> [as click] (node_modules/@testing-library/dom/dist/events.js:110:36)
      at Function.click (node_modules/@testing-library/react/dist/fire-event.js:15:52)
      at Object.<anonymous> (src/tests/AddJob.test.js:47:15)

FAIL src/tests/AddJob.test.js (5.866 s)
  AddJob Component
    Î“ÃªÃœ renders form fields (439 ms)
    â”œÃ¹ shows error for negative budget (1488 
ms)
    â”œÃ¹ submits job successfully (1352 ms)

  Î“Ã¹Ã… AddJob Component Î“Ã‡â•‘ shows error for 
negative budget

    Unable to find an element with the text: 
/Budget cannot be a negative number/i. This 
could be because the text is broken up by 
multiple elements. In this case, you can 
provide a function for your text matcher to 
make your matcher more flexible.

    Ignored nodes: comments, script, style
    [36m<body[39m
      
[33mclass[39m=[32m"chakra-ui-light"[39m
    [36m>[39m
      [36m<div>[39m
        [36m<div[39m
          
[33mclass[39m=[32m"css-dzrox5"[39m
          [33mspacing[39m=[32m"10"[39m
        [36m>[39m
          [36m<div[39m
            
[33mclass[39m=[32m"chakra-form-control 
css-1kxonj9"[39m
            [33mrole[39m=[32m"group"[39m
          [36m>[39m
            [36m<div[39m
              
[33mclass[39m=[32m"css-y5kmmo"[39m
            [36m>[39m
              [36m<div[39m
                
[33mclass[39m=[32m"css-bxak8j"[39m
              [36m>[39m
                [36m<label[39m
                  
[33mclass[39m=[32m"chakra-form__label 
css-z2yue1"[39m
                  
[33mfor[39m=[32m"field-:r1:"[39m
                  
[33mid[39m=[32m"field-:r1:-label"[39m
                [36m>[39m
                  [0mTitle[0m
                [36m</label>[39m
                [36m<input[39m
                  
[33mclass[39m=[32m"chakra-input 
css-1cjy4zv"[39m
                  
[33mid[39m=[32m"field-:r1:"[39m
                  
[33mstyle[39m=[32m"border: 1px solid 
grey; background-color: transparent; width: 
100%; padding: 0.5rem; border-radius: 
0.5rem;"[39m
                  
[33mtype[39m=[32m"text"[39m
                [36m/>[39m
              [36m</div>[39m
              [36m<div[39m
                
[33mclass[39m=[32m"css-bxak8j"[39m
              [36m>[39m
                [36m<label[39m
                  
[33mclass[39m=[32m"chakra-form__label 
css-z2yue1"[39m
                  
[33mfor[39m=[32m"field-:r1:"[39m
                  
[33mid[39m=[32m"field-:r1:-label"[39m
                [36m>[39m
                  [0mStart Date[0m
                [36m</label>[39m
                [36m<input[39m
                  
[33maria-readonly[39m=[32m"true"[39m
                  
[33mclass[39m=[32m"chakra-input 
css-1cjy4zv"[39m
                  
[33mid[39m=[32m"field-:r1:"[39m
                  
[33mreadonly[39m=[32m""[39m
                  
[33mstyle[39m=[32m"border: 1px solid 
grey; background-color: transparent; width: 
100%; padding: 0.5rem; border-radius: 
0.5rem;"[39m
                  
[33mtype[39m=[32m"date"[39m
                  
[33mvalue[39m=[32m"2025-03-11"[39m
                [36m/>[39m
              [36m</div>[39m
              [36m<div[39m
                
[33mclass[39m=[32m"css-bxak8j"[39m
              [36m>[39m
                [36m<label[39m
                  
[33mclass[39m=[32m"chakra-form__label 
css-z2yue1"[39m
                  
[33mfor[39m=[32m"field-:r1:"[39m
                  
[33mid[39m=[32m"field-:r1:-label"[39m
                [36m>[39m
                  [0mRequired Skills[0m
                [36m</label>[39m
                [36m<textarea[39m
                  
[33mclass[39m=[32m"chakra-textarea 
css-1msuebi"[39m
                  
[33mid[39m=[32m"field-:r1:"[39m
                  
[33mstyle[39m=[32m"border: 1px solid 
grey; background-color: transparent; width: 
100%; padding: 0.5rem; border-radius: 
0.5rem;"[39m
                  
[33mtype[39m=[32m"text"[39m
                [36m/>[39m
              [36m</div>[39m
              [36m<div[39m
                
[33mclass[39m=[32m"css-bxak8j"[39m
              [36m>[39m
                [36m<label[39m
                  
[33mclass[39m=[32m"chakra-form__label 
css-z2yue1"[39m
                  
[33mfor[39m=[32m"field-:r1:"[39m
                  
[33mid[39m=[32m"field-:r1:-label"[39m
                [36m>[39m
                  [0mDescription[0m
                [36m</label>[39m
                [36m<textarea[39m
                  
[33mclass[39m=[32m"chakra-textarea 
css-1msuebi"[39m
                  
[33mid[39m=[32m"field-:r1:"[39m
                  
[33mstyle[39m=[32m"border: 1px solid 
grey; background-color: transparent; width: 
100%; padding: 0.5rem; border-radius: 
0.5rem;"[39m
                  
[33mtype[39m=[32m"text"[39m
                [36m/>[39m
              [36m</div>[39m
            [36m</div>[39m
            [36m<div[39m
              
[33mclass[39m=[32m"css-6pi7dm"[39m
            [36m>[39m
              [36m<div[39m
                
[33mclass[39m=[32m"css-0"[39m
              [36m>[39m
                [36m<label[39m
                  
[33mclass[39m=[32m"chakra-form__label 
css-z2yue1"[39m
                  
[33mfor[39m=[32m"field-:r1:"[39m
                  
[33mid[39m=[32m"field-:r1:-label"[39m
                [36m>[39m
                  [0mPayment Terms[0m
                [36m</label>[39m
                [36m<div[39m
                  
[33mclass[39m=[32m"chakra-select__wrapper 
css-42b2qy"[39m
                [36m>[39m
                  [36m<select[39m
                    
[33mclass[39m=[32m"chakra-select 
css-161pkch"[39m
                    
[33mid[39m=[32m"field-:r1:"[39m
                    
[33mstyle[39m=[32m"border: 1px solid 
grey; background-color: transparent; width: 
100%; padding: 0.5rem; border-radius: 
0.5rem;"[39m
                  [36m>[39m
                    [36m<option[39m
                      
[33mvalue[39m=[32m""[39m
                    [36m>[39m
                      [0mSelect Payment 
Terms[0m
                    [36m</option>[39m
                    [36m<option[39m
                      
[33mvalue[39m=[32m"HOURLY"[39m
                    [36m>[39m
                      [0mHourly[0m
                    [36m</option>[39m
                    [36m<option[39m
                      
[33mvalue[39m=[32m"FIXED_PRICE"[39m
                    [36m>[39m
                      [0mFixed Price[0m
                    [36m</option>[39m
                  [36m</select>[39m
                  [36m<div[39m
                    [33mclass[39m=[32m"cha
kra-select__icon-wrapper css-iohxn1"[39m
                  [36m>[39m
                    [36m<svg[39m
                      
[33maria-hidden[39m=[32m"true"[39m
                      [33mclass[39m=[32m"c
hakra-select__icon"[39m
                      
[33mfocusable[39m=[32m"false"[39m
                      
[33mrole[39m=[32m"presentation"[39m
                      
[33mstyle[39m=[32m"width: 1em; height: 
1em; color: currentColor;"[39m
                      
[33mviewBox[39m=[32m"0 0 24 24"[39m
                    [36m>[39m
                      [36m<path[39m
                        
[33md[39m=[32m"M16.59 8.59L12 13.17 7.41 
8.59 6 10l6 6 6-6z"[39m
                        
[33mfill[39m=[32m"currentColor"[39m
                      [36m/>[39m
                    [36m</svg>[39m
                  [36m</div>[39m
                [36m</div>[39m
              [36m</div>[39m
              [36m<div[39m
                
[33mclass[39m=[32m"css-0"[39m
              [36m>[39m
                [36m<label[39m
                  
[33mclass[39m=[32m"chakra-form__label 
css-z2yue1"[39m
                  
[33mfor[39m=[32m"field-:r1:"[39m
                  
[33mid[39m=[32m"field-:r1:-label"[39m
                [36m>[39m
                  [0mDuration[0m
                [36m</label>[39m
                [36m<div[39m
                  
[33mclass[39m=[32m"chakra-select__wrapper 
css-42b2qy"[39m
                [36m>[39m
                  [36m<select[39m
                    
[33mclass[39m=[32m"chakra-select 
css-161pkch"[39m
                    
[33mid[39m=[32m"field-:r1:"[39m
                    
[33mstyle[39m=[32m"border: 1px solid 
grey; background-color: transparent; width: 
100%; padding: 0.5rem; border-radius: 
0.5rem;"[39m
                  [36m>[39m
                    [36m<option[39m
                      
[33mvalue[39m=[32m""[39m
                    [36m>[39m
                      [0mSelect Duration[0m
                    [36m</option>[39m
                    [36m<option[39m
                      
[33mvalue[39m=[32m"TEMPORARY"[39m
                    [36m>[39m
                      [0mTemporary[0m
                    [36m</option>[39m
                    [36m<option[39m
                      
[33mvalue[39m=[32m"PERMANENT"[39m
                    [36m>[39m
                      [0mPermanent[0m
                    [36m</option>[39m
                  [36m</select>[39m
                  [36m<div[39m
                    [33mclass[39m=[32m"cha
kra-select__icon-wrapper css-iohxn1"[39m
                  [36m>[39m
                    [36m<svg[39m
                      
[33maria-hidden[39m=[32m"true"[39m
                      [33mclass[39m=[32m"c
hakra-select__icon"[39m
                      
[33mfocusable[39m=[32m"false"[39m
                      
[33mrole[39m=[32m"presentation"[39m
                      
[33mstyle[39m=[32m"width: 1em; height: 
1em; color: currentColor;"[39m
                      
[33mviewBox[39m=[32m"0 0 24 24"[39m
                    [36m>[39m
                      [36m<path[39m
                        
[33md[39m=[32m"M16.59 8.59L12 13.17 7.41 
8.59 6 10l6 6 6-6z"[39m
                        
[33mfill[39m=[32m"currentColor"[39m
                      [36m/>[39m
                    [36m</svg>[39m
                  [36m</div>[39m
                [36m</div>[39m
              [36m</div>[39m
              [36m<div[39m
                
[33mclass[39m=[32m"css-0"[39m
              [36m>[39m
                [36m<label[39m
                  
[33mclass[39m=[32m"chakra-form__label 
css-z2yue1"[39m
                  
[33mfor[39m=[32m"field-:r1:"[39m
                  
[33mid[39m=[32m"field-:r1:-label"[39m
                [36m>[39m
                  [0mBudget[0m
                [36m</label>[39m
                [36m<input[39m
                  
[33mclass[39m=[32m"chakra-input 
css-1cjy4zv"[39m
                  
[33mid[39m=[32m"field-:r1:"[39m
                  [33mmin[39m=[32m"0"[39m
                  
[33mplaceholder[39m=[32m"Enter budget 
amount($)"[39m
                  
[33mstep[39m=[32m"0.01"[39m
                  
[33mstyle[39m=[32m"border: 1px solid 
grey; background-color: transparent; width: 
100%; padding: 0.5rem; border-radius: 
0.5rem;"[39m
                  
[33mtype[39m=[32m"number"[39m
                [36m/>[39m
              [36m</div>[39m
            [36m</div>[39m
            [36m<button[39m
              
[33mclass[39m=[32m"chakra-button 
css-1uh940f"[39m
              
[33mtype[39m=[32m"button"[39m
            [36m>[39m
              [0mCancel[0m
            [36m</button>[39m
            [36m<button[39m
              
[33mclass[39m=[32m"chakra-button 
css-15vwjsz"[39m
              
[33mtype[39m=[32m"button"[39m
            [36m>[39m
              [0mAdd Job[0m
            [36m</button>[39m
          [36m</div>[39m
        [36m</div>[39m
        [36m<span[39m
          [33mhidden[39m=[32m""[39m
          
[33mid[39m=[32m"__chakra_env"[39m
        [36m/>[39m
      [36m</div>[39m
      [36m<div[39m
        
[33mclass[39m=[32m"chakra-portal"[39m
      [36m>[39m
        [36m<div[39m
          [33maria-label[39m=[32m"Notifica
tions"[39m
          
[33maria-live[39m=[32m"polite"[39m
          [33mid[39m=[32m"chakra-toast-man
ager-top"[39m
          [33mrole[39m=[32m"region"[39m
          [33mstyle[39m=[32m"position: 
fixed; z-index: var(--toast-z-index, 5500); 
pointer-events: none; display: flex; 
flex-direction: column; margin: 0px 
auto;"[39m
        [36m/>[39m
        [36m<div[39m
          [33maria-label[39m=[32m"Notifica
tions"[39m
          
[33maria-live[39m=[32m"polite"[39m
          [33mid[39m=[32m"chakra-toast-man
ager-top-left"[39m
          [33mrole[39m=[32m"region"[39m
          [33mstyle[39m=[32m"position: 
fixed; z-index: var(--toast-z-index, 5500); 
pointer-events: none; display: flex; 
flex-direction: column;"[39m
        [36m/>[39m
        [36m<div[39m
          [33maria-label[39m=[32m"Notifica
tions"[39m
          
[33maria-live[39m=[32m"polite"[39m
          [33mid[39m=[32m"chakra-toast-man
ager-top-right"[39m
          [33mrole[39m=[32m"region"[39m
          [33mstyle[39m=[32m"position: 
fixed; z-index: var(--toast-z-index, 5500); 
pointer-events: none; display: flex; 
flex-direction: column;"[39m
        [36m>[39m
          [36m<div[39m
            
[33mclass[39m=[32m"chakra-toast"[39m
            [33mstyle[39m=[32m"display: 
flex; flex-direction: column; align-items: 
flex-end; opacity: 1; transform: none;"[39m
          [36m>[39m
            [36m<div[39m
              
[33maria-atomic[39m=[32m"true"[39m
              
[33mclass[39m=[32m"chakra-toast__inner 
css-dixmdy"[39m
              
[33mrole[39m=[32m"status"[39m
            [36m>[39m
              [36m<div[39m
                
[33mclass[39m=[32m"chakra-alert 
css-mu48c4"[39m
                
[33mdata-status[39m=[32m"error"[39m
                
[33mid[39m=[32m"toast-1"[39m
              [36m>[39m
                [36m<span[39m
                  
[33mclass[39m=[32m"chakra-alert__icon 
css-14ogjxt"[39m
                  
[33mdata-status[39m=[32m"error"[39m
                [36m>[39m
                  [36m<svg[39m
                    
[33mclass[39m=[32m"chakra-icon 
css-qk6lof"[39m
                    
[33mfocusable[39m=[32m"false"[39m
                    
[33mviewBox[39m=[32m"0 0 24 24"[39m
                  [36m>[39m
                    [36m<path[39m
                      [33md[39m=[32m"M11.9
83,0a12.206,12.206,0,0,0-8.51,3.653A11.8,11.8
,0,0,0,0,12.207,11.779,11.779,0,0,0,11.8,24h.
214A12.111,12.111,0,0,0,24,11.791h0A11.766,11
.766,0,0,0,11.983,0ZM10.5,16.542a1.476,1.476,
0,0,1,1.449-1.53h.027a1.527,1.527,0,0,1,1.523
,1.47,1.475,1.475,0,0,1-1.449,1.53h-.027A1.52
9,1.529,0,0,1,10.5,16.542ZM11,12.5v-6a1,1,0,0
,1,2,0v6a1,1,0,1,1-2,0Z"[39m
                      
[33mfill[39m=[32m"currentColor"[39m
                    [36m/>[39m
                  [36m</svg>[39m
                [36m</span>[39m
                [36m<div[39m
                  
[33mclass[39m=[32m"css-njbp03"[39m
                [36m>[39m
                  [36m<div[39m
                    
[33mclass[39m=[32m"chakra-alert__title 
css-tidvy5"[39m
                    
[33mdata-status[39m=[32m"error"[39m
                    
[33mid[39m=[32m"toast-1-title"[39m
                  [36m>[39m
                    [0mError adding Job[0m
                  [36m</div>[39m
                  [36m<div[39m
                    
[33mclass[39m=[32m"chakra-alert__desc 
css-161kwbg"[39m
                    
[33mdata-status[39m=[32m"error"[39m
                    
[33mid[39m=[32m"toast-1-description"[39m
                  [36m>[39m
                    [0mThere is an error 
adding the Job, please try again later.[0m
                  [36m</div>[39m
                [36m</div>[39m
                [36m<button[39m
                  
[33maria-label[39m=[32m"Close"[39m
                  
[33mclass[39m=[32m"css-1pq15d"[39m
                  
[33mtype[39m=[32m"button"[39m
                [36m>[39m
                  [36m<svg[39m
                    
[33maria-hidden[39m=[32m"true"[39m
                    
[33mclass[39m=[32m"chakra-icon 
css-onkibi"[39m
                    
[33mfocusable[39m=[32m"false"[39m
                    
[33mviewBox[39m=[32m"0 0 24 24"[39m
                  [36m>[39m
                    [36m<path[39m
                      [33md[39m=[32m"M.439
,21.44a1.5,1.5,0,0,0,2.122,2.121L11.823,14.3a
.25.25,0,0,1,.354,0l9.262,9.263a1.5,1.5,0,1,0
,2.122-2.121L14.3,12.177a.25.25,0,0,1,0-.354l
9.263-9.262A1.5,1.5,0,0,0,21.439.44L12.177,9.
7a.25.25,0,0,1-.354,0L2.561.44A1.5,1.5,0,0,0,
.439,2.561L9.7,11.823a.25.25,0,0,1,0,.354Z"[
39m
                      
[33mfill[39m=[32m"currentColor"[39m
                    [36m/>[39m
                  [36m</svg>[39m
                [36m</button>[39m
              [36m</div>[39m
            [36m</div>[39m
          [36m</div>[39m
        [36m</div>[39m
        [36m<div[39m
          [33maria-label[39m=[32m"Notifica
tions"[39m
          
[33maria-live[39m=[32m"polite"[39m
          [33mid[39m=[32m"chakra-toast-man
ager-bottom-left"[39m
          [33mrole[39m=[32m"region"[39m
          [33mstyle[39m=[32m"position: 
fixed; z-index: var(--toast-z-index, 5500); 
pointer-events: none; display: flex; 
flex-direction: column;"[39m
        [36m/>[39m
        [36m<div[39m
          [33maria-label[39m=[32m"Notifica
tions"[39m
          
[33maria-live[39m=[32m"polite"[39m
          [33mid[39m=[32m"chakra-toast-man
ager-bottom"[39m
          [33mrole[39m=[32m"region"[39m
          [33mstyle[39m=[32m"position: 
fixed; z-index: var(--toast-z-index, 5500); 
pointer-events: none; display: flex; 
flex-direction: column; margin: 0px 
auto;"[39m
        [36m/>[39m
        [36m<div[39m
          [33maria-label[39m=[32m"Notifica
tions"[39m
          
[33maria-live[39m=[32m"polite"[39m
          [33mid[39m=[32m"chakra-toast-man
ager-bottom-right"[39m
          [33mrole[39m=[32m"region"[39m
          [33mstyle[39m=[32m"position: 
fixed; z-index: var(--toast-z-index, 5500); 
pointer-events: none; display: flex; 
flex-direction: column;"[39m
        [36m/>[39m
      [36m</div>[39m
    [36m</body>[39m

    [0m [90m 37 |[39m     fireEvent[33m.
[39mclick(screen[33m.[39mgetByRole([32m"bu
tton"[39m[33m,[39m { name[33m:[39m 
[35m/Add Job/i[39m }))[33m;[39m
     [90m 38 |[39m
    [31m[1m>[22m[39m[90m 39 |[39m     
expect([36mawait[39m 
screen[33m.[39mfindByText([35m/Budget 
cannot be a negative number/i[39m))[33m.[3
9mtoBeInTheDocument()[33m;[39m
     [90m    |[39m                         
[31m[1m^[22m[39m
     [90m 40 |[39m   })[33m;[39m
     [90m 41 |[39m
     [90m 42 |[39m   test([32m"submits 
job successfully"[39m[33m,[39m 
[36masync[39m () [33m=>[39m {[0m

      at waitForWrapper (node_modules/@testin
g-library/dom/dist/wait-for.js:163:27)
      at findByText (node_modules/@testing-li
brary/dom/dist/query-helpers.js:86:33)
      at Object.<anonymous> 
(src/tests/AddJob.test.js:39:25)

  Î“Ã¹Ã… AddJob Component Î“Ã‡â•‘ submits job 
successfully

    expect(jest.fn()).toHaveBeenCalledTimes(e
xpected)

    Expected number of calls: 1
    Received number of calls: 0

    Ignored nodes: comments, script, style
    [36m<html[39m
      [33mdata-theme[39m=[32m"light"[39m
      [33mstyle[39m=[32m"color-scheme: 
light;"[39m
    [36m>[39m
      [36m<head />[39m
      [36m<body[39m
        
[33mclass[39m=[32m"chakra-ui-light"[39m
      [36m>[39m
        [36m<div>[39m
          [36m<div[39m
            
[33mclass[39m=[32m"css-dzrox5"[39m
            [33mspacing[39m=[32m"10"[39m
          [36m>[39m
            [36m<div[39m
              
[33mclass[39m=[32m"chakra-form-control 
css-1kxonj9"[39m
              
[33mrole[39m=[32m"group"[39m
            [36m>[39m
              [36m<div[39m
                
[33mclass[39m=[32m"css-y5kmmo"[39m
              [36m>[39m
                [36m<div[39m
                  
[33mclass[39m=[32m"css-bxak8j"[39m
                [36m>[39m
                  [36m<label[39m
                    
[33mclass[39m=[32m"chakra-form__label 
css-z2yue1"[39m
                    
[33mfor[39m=[32m"field-:r4:"[39m
                    
[33mid[39m=[32m"field-:r4:-label"[39m
                  [36m>[39m
                    [0mTitle[0m
                  [36m</label>[39m
                  [36m<input[39m
                    
[33mclass[39m=[32m"chakra-input 
css-1cjy4zv"[39m
                    
[33mid[39m=[32m"field-:r4:"[39m
                    
[33mstyle[39m=[32m"border: 1px solid 
grey; background-color: transparent; width: 
100%; padding: 0.5rem; border-radius: 
0.5rem;"[39m
                    
[33mtype[39m=[32m"text"[39m
                  [36m/>[39m
                [36m</div>[39m
                [36m<div[39m
                  
[33mclass[39m=[32m"css-bxak8j"[39m
                [36m>[39m
                  [36m<label[39m
                    
[33mclass[39m=[32m"chakra-form__label 
css-z2yue1"[39m
                    
[33mfor[39m=[32m"field-:r4:"[39m
                    
[33mid[39m=[32m"field-:r4:-label"[39m
                  [36m>[39m
                    [0mStart Date[0m
                  [36m</label>[39m
                  [36m<input[39m
                    
[33maria-readonly[39m=[32m"true"[39m
                    
[33mclass[39m=[32m"chakra-input 
css-1cjy4zv"[39m
                    
[33mid[39m=[32m"field-:r4:"[39m
                    
[33mreadonly[39m=[32m""[39m
                    
[33mstyle[39m=[32m"border: 1px solid 
grey; background-color: transparent; width: 
100%; padding: 0.5rem; border-radius: 
0.5rem;"[39m
                    
[33mtype[39m=[32m"date"[39m
                    
[33mvalue[39m=[32m"2025-03-11"[39m
                  [36m/>[39m
                [36m</div>[39m
                [36m<div[39m
                  
[33mclass[39m=[32m"css-bxak8j"[39m
                [36m>[39m
                  [36m<label[39m
                    
[33mclass[39m=[32m"chakra-form__label 
css-z2yue1"[39m
                    
[33mfor[39m=[32m"field-:r4:"[39m
                    
[33mid[39m=[32m"field-:r4:-label"[39m
                  [36m>[39m
                    [0mRequired Skills[0m
                  [36m</label>[39m
                  [36m<textarea[39m
                    
[33mclass[39m=[32m"chakra-textarea 
css-1msuebi"[39m
                    
[33mid[39m=[32m"field-:r4:"[39m
                    
[33mstyle[39m=[32m"border: 1px solid 
grey; background-color: transparent; width: 
100%; padding: 0.5rem; border-radius: 
0.5rem;"[39m
                    
[33mtype[39m=[32m"text"[39m
                  [36m/>[39m
                [36m</div>[39m
                [36m<div[39m
                  
[33mclass[39m=[32m"css-bxak8j"[39m
                [36m>[39m
                  [36m<label[39m
                    
[33mclass[39m=[32m"chakra-form__label 
css-z2yue1"[39m
                    
[33mfor[39m=[32m"field-:r4:"[39m
                    
[33mid[39m=[32m"field-:r4:-label"[39m
                  [36m>[39m
                    [0mDescription[0m
                  [36m</label>[39m
                  [36m<textarea[39m
                    
[33mclass[39m=[32m"chakra-textarea 
css-1msuebi"[39m
                    
[33mid[39m=[32m"field-:r4:"[39m
                    
[33mstyle[39m=[32m"border: 1px solid 
grey; background-color: transparent; width: 
100%; padding: 0.5rem; border-radius: 
0.5rem;"[39m
                    
[33mtype[39m=[32m"text"[39m
                  [36m/>[39m
                [36m</div>[39m
              [36m</div>[39m
              [36m<div[39m
                
[33mclass[39m=[32m"css-6pi7dm"[39m
              [36m>[39m
                [36m<div[39m
                  
[33mclass[39m=[32m"css-0"[39m
                [36m>[39m
                  [36m<label[39m
                    
[33mclass[39m=[32m"chakra-form__label 
css-z2yue1"[39m
                    
[33mfor[39m=[32m"field-:r4:"[39m
                    
[33mid[39m=[32m"field-:r4:-label"[39m
                  [36m>[39m
                    [0mPayment Terms[0m
                  [36m</label>[39m
                  [36m<div[39m
                    
[33mclass[39m=[32m"chakra-select__wrapper 
css-42b2qy"[39m
                  [36m>[39m
                    [36m<select[39m
                      
[33mclass[39m=[32m"chakra-select 
css-161pkch"[39m
                      
[33mid[39m=[32m"field-:r4:"[39m
                      
[33mstyle[39m=[32m"border: 1px solid 
grey; background-color: transparent; width: 
100%; padding: 0.5rem; border-radius: 
0.5rem;"[39m
                    [36m>[39m
                      [36m<option[39m
                        
[33mvalue[39m=[32m""[39m
                      [36m>[39m
                        [0mSelect Payment 
Terms[0m
                      [36m</option>[39m
                      [36m<option[39m
                        
[33mvalue[39m=[32m"HOURLY"[39m
                      [36m>[39m
                        [0mHourly[0m
                      [36m</option>[39m
                      [36m<option[39m
                        
[33mvalue[39m=[32m"FIXED_PRICE"[39m
                      [36m>[39m
                        [0mFixed Price[0m
                      [36m</option>[39m
                    [36m</select>[39m
                    [36m<div[39m
                      [33mclass[39m=[32m"c
hakra-select__icon-wrapper css-iohxn1"[39m
                    [36m>[39m
                      [36m<svg[39m
                        
[33maria-hidden[39m=[32m"true"[39m
                        [33mclass[39m=[32m
"chakra-select__icon"[39m
                        
[33mfocusable[39m=[32m"false"[39m
                        
[33mrole[39m=[32m"presentation"[39m
                        
[33mstyle[39m=[32m"width: 1em; height: 
1em; color: currentColor;"[39m
                        
[33mviewBox[39m=[32m"0 0 24 24"[39m
                      [36m>[39m
                        [36m<path[39m
                          
[33md[39m=[32m"M16.59 8.59L12 13.17 7.41 
8.59 6 10l6 6 6-6z"[39m
                          
[33mfill[39m=[32m"currentColor"[39m
                        [36m/>[39m
                      [36m</svg>[39m
                    [36m</div>[39m
                  [36m</div>[39m
                [36m</div>[39m
                [36m<div[39m
                  
[33mclass[39m=[32m"css-0"[39m
                [36m>[39m
                  [36m<label[39m
                    
[33mclass[39m=[32m"chakra-form__label 
css-z2yue1"[39m
                    
[33mfor[39m=[32m"field-:r4:"[39m
                    
[33mid[39m=[32m"field-:r4:-label"[39...

    [0m [90m 47 |[39m     fireEvent[33m.
[39mclick(screen[33m.[39mgetByRole([32m"bu
tton"[39m[33m,[39m { name[33m:[39m 
[35m/Add Job/i[39m }))[33m;[39m
     [90m 48 |[39m
    [31m[1m>[22m[39m[90m 49 |[39m     
[36mawait[39m waitFor(() [33m=>[39m expec
t(createJob)[33m.[39mtoHaveBeenCalledTimes(
[35m1[39m))[33m;[39m
     [90m    |[39m                         
                  [31m[1m^[22m[39m
     [90m 50 |[39m     expect(createJob)[3
3m.[39mtoHaveBeenCalledWith(expect[33m.[39
mobjectContaining({ title[33m:[39m 
[32m"React Developer"[39m[33m,[39m 
clientId[33m:[39m [32m"123"[39m 
}))[33m;[39m
     [90m 51 |[39m     expect(handleAddUpda
teDeleteItem)[33m.[39mtoHaveBeenCalled()[3
3m;[39m
     [90m 52 |[39m     expect(onClose)[33m
.[39mtoHaveBeenCalled()[33m;[39m[0m

      at src/tests/AddJob.test.js:49:43
      at 
runWithExpensiveErrorDiagnosticsDisabled (nod
e_modules/@testing-library/dom/dist/config.js
:47:12)
      at checkCallback (node_modules/@testing
-library/dom/dist/wait-for.js:124:77)
      at checkRealTimersCallback (node_module
s/@testing-library/dom/dist/wait-for.js:118:1
6)
      at Timeout.task [as _onTimeout] (node_m
odules/jsdom/lib/jsdom/browser/Window.js:516:
19)

Test Suites: 1 failed, 1 total
Tests:       2 failed, 1 passed, 3 total
Snapshots:   0 total
Time:        8.151 s
Ran all test suites matching 
/AddJob.test.js/i.

